// Vitest Snapshot v1, https://vitest.dev/guide/snapshot.html

exports[`MessageInput > snapshots > renders message input correctly 1`] = `
<div
  data-overlay-container="true"
>
  <div
    class="border-t bg-content1 p-4"
  >
    <form
      class="flex gap-3 items-end"
    >
      <div
        class="flex-1"
      >
        <div
          class="group flex flex-col data-[hidden=true]:hidden w-full relative justify-end data-[has-label=true]:mt-[calc(var(--heroui-font-size-small)_+_12px)]"
          data-filled="true"
          data-filled-within="true"
          data-slot="base"
        >
          <div
            class="h-full flex flex-col"
            data-slot="main-wrapper"
          >
            <div
              class="relative w-full inline-flex tap-highlight-transparent flex-row items-center shadow-xs px-3 gap-3 border-default-200 data-[hover=true]:border-default-400 h-12 rounded-large !duration-150 transition-colors motion-reduce:transition-none bg-content2 border-1 hover:border-primary-300 group-data-[focus=true]:border-primary min-h-[48px] pr-0"
              data-slot="input-wrapper"
              style="cursor: text;"
            >
              <div
                class="inline-flex w-full items-center h-full box-border"
                data-slot="inner-wrapper"
              >
                <input
                  aria-label="Type your question..."
                  class="w-full font-normal bg-transparent !outline-hidden placeholder:text-foreground-500 focus-visible:outline-hidden data-[has-start-content=true]:ps-1.5 data-[has-end-content=true]:pe-1.5 data-[type=color]:rounded-none file:cursor-pointer file:bg-transparent file:border-0 autofill:bg-transparent bg-clip-text text-sm"
                  data-has-end-content="true"
                  data-slot="input"
                  id="react-aria-Â«ruÂ»"
                  name="message"
                  placeholder="Type your question..."
                  tabindex="0"
                  title=""
                  type="text"
                  value=""
                />
                <button
                  class="z-0 group relative inline-flex items-center justify-center box-border appearance-none select-none whitespace-nowrap font-normal subpixel-antialiased overflow-hidden tap-highlight-transparent transform-gpu data-[pressed=true]:scale-[0.97] cursor-pointer outline-hidden data-[focus-visible=true]:z-10 data-[focus-visible=true]:outline-2 data-[focus-visible=true]:outline-focus data-[focus-visible=true]:outline-offset-2 text-small gap-2 rounded-large px-0 !gap-0 transition-transform-colors-opacity motion-reduce:transition-none bg-primary text-primary-foreground w-10 data-[hover=true]:opacity-hover min-w-12 h-12"
                  data-react-aria-pressable="true"
                  tabindex="0"
                  type="submit"
                >
                  <span />
                </button>
              </div>
            </div>
          </div>
        </div>
      </div>
    </form>
  </div>
</div>
`;
